my first gitfile
test change
first change
second change
third change
fourth change
new functions by dev
update by test
update by dev
new functions
update by local
update by remote
update by remote2
